// Jest Snapshot v1, https://goo.gl/fbAQLP

exports[`<EqualityTypes /> Renders correctly 1`] = `
<form
  class="settings form-inline"
>
  <div
    class="mb-2 mr-sm-2 mb-sm-0 form-group"
  >
    <select
      class="settings__types form-control-sm form-control"
    >
      <option
        value="STRICT"
      >
        STRICT
      </option>
      <option
        value="NOT_STRICT"
      >
        NOT_STRICT
      </option>
      <option
        selected=""
        value="IGNORE"
      >
        IGNORE
      </option>
    </select>
  </div>
</form>
`;
