// Jest Snapshot v1, https://goo.gl/fbAQLP

exports[`<Key /> Renders correctly 1`] = `
<span
  class="json-mark json-mark_string badge badge-json"
>
  string
</span>
`;
