// Jest Snapshot v1, https://goo.gl/fbAQLP

exports[`<Header /> Renders correctly 1`] = `
<header
  class="header"
>
  <nav
    class="header__nav-bar navbar navbar-expand-md navbar-light"
  >
    <a
      class="navbar-brand"
    >
      <div
        class="header__app"
      >
        JS
        <img
          alt="icon"
          class="header__logo"
          src="test-file-stub"
        />
        N
      </div>
    </a>
    <span
      class="switch switch_parse switch_pointer"
    >
      parse
    </span>
    <span
      class="switch__divider"
    >
      &
    </span>
    <span
      class="switch switch_compare"
    >
      compare
    </span>
    <form
      class="settings form-inline"
    >
      <div
        class="mb-2 mr-sm-2 mb-sm-0 form-group"
      >
        <select
          class="settings__types form-control-sm form-control"
        >
          <option
            value="STRICT"
          >
            STRICT
          </option>
          <option
            value="NOT_STRICT"
          >
            NOT_STRICT
          </option>
          <option
            value="IGNORE"
          >
            IGNORE
          </option>
        </select>
      </div>
    </form>
    <button
      class="navbar-toggler"
      type="button"
    >
      <span
        class="navbar-toggler-icon"
      />
    </button>
    <div
      class="collapse navbar-collapse"
    >
      <ul
        class="ml-auto navbar-nav"
      >
        <li
          class="examples dropdown nav-item"
        >
          <a
            aria-expanded="false"
            aria-haspopup="true"
            class="examples__toggle dropdown-toggle nav-link"
            href="#"
          >
            Examples
          </a>
          <div
            aria-hidden="true"
            class="bg-dark examples__dropdown dropdown-menu"
            role="menu"
            tabindex="-1"
          >
            <button
              class="examples__dropdown-item dropdown-item"
              role="menuitem"
              tabindex="0"
              type="button"
            >
              Tool Example
            </button>
            <button
              class="examples__dropdown-item dropdown-item"
              role="menuitem"
              tabindex="0"
              type="button"
            >
              Object Example
            </button>
          </div>
        </li>
        <li
          class="nav-item"
        >
          <a
            class="nav-link"
          >
            <span
              class="faq-link"
            >
              FAQ
            </span>
          </a>
        </li>
        <li
          class="nav-item"
        >
          <a
            class="feedback nav-link"
            target="_blank"
          >
            Feedback
          </a>
        </li>
      </ul>
    </div>
  </nav>
</header>
`;
