// Jest Snapshot v1, https://goo.gl/fbAQLP

exports[`<Alert /> Renders correctly 1`] = `null`;
