// Jest Snapshot v1, https://goo.gl/fbAQLP

exports[`<FAQ /> Renders correctly 1`] = `
<span
  class="faq-link"
>
  FAQ
</span>
`;
