// Jest Snapshot v1, https://goo.gl/fbAQLP

exports[`<PrimitiveType /> Renders correctly 1`] = `
<span>
  "test"
</span>
`;
